
> inalgo-server@1.0.0 dev
> nodemon index.js

[33m[nodemon] 3.1.14[39m
[33m[nodemon] to restart at any time, enter `rs`[39m
[33m[nodemon] watching path(s): *.*[39m
[33m[nodemon] watching extensions: js,mjs,cjs,json[39m
[32m[nodemon] starting `node index.js`[39m
🚀 Server is running on port 5000
📡 API available at http://localhost:5000/api
[32m[nodemon] restarting due to changes...[39m
[32m[nodemon] starting `node index.js`[39m
🚀 Server is running on port 5000
📡 API available at http://localhost:5000/api
[32m[nodemon] restarting due to changes...[39m
[32m[nodemon] starting `node index.js`[39m
🚀 Server is running on port 5000
[32m[nodemon] restarting due to changes...[39m
[32m[nodemon] starting `node index.js`[39m
🚀 Server is running on port 5000
[32m[nodemon] restarting due to changes...[39m
[32m[nodemon] starting `node index.js`[39m
🚀 Server is running on port 5000
[32m[nodemon] restarting due to changes...[39m
[32m[nodemon] starting `node index.js`[39m
🚀 Server is running on port 5001
[32m[nodemon] restarting due to changes...[39m
[32m[nodemon] starting `node index.js`[39m
🚀 Server is running on port 5001
📡 Environment: development
[32m[nodemon] restarting due to changes...[39m
[32m[nodemon] starting `node index.js`[39m
node:events:497
      throw er; // Unhandled 'error' event
      ^

Error: listen EADDRINUSE: address already in use :::5000
    at Server.setupListenHandle [as _listen2] (node:net:1940:16)
    at listenInCluster (node:net:1997:12)
    at Server.listen (node:net:2102:7)
    at Function.listen (C:\Users\dell\Downloads\inalgo.tech\server\node_modules\express\lib\application.js:635:24)
    at Object.<anonymous> (C:\Users\dell\Downloads\inalgo.tech\server\index.js:49:5)
    at Module._compile (node:internal/modules/cjs/loader:1706:14)
    at Object..js (node:internal/modules/cjs/loader:1839:10)
    at Module.load (node:internal/modules/cjs/loader:1441:32)
    at Function._load (node:internal/modules/cjs/loader:1263:12)
    at TracingChannel.traceSync (node:diagnostics_channel:322:14)
Emitted 'error' event on Server instance at:
    at emitErrorNT (node:net:1976:8)
    at process.processTicksAndRejections (node:internal/process/task_queues:90:21) {
  code: 'EADDRINUSE',
  errno: -4091,
  syscall: 'listen',
  address: '::',
  port: 5000
}

Node.js v22.20.0
[31m[nodemon] app crashed - waiting for file changes before starting...[39m
[32m[nodemon] restarting due to changes...[39m
[32m[nodemon] starting `node index.js`[39m
node:events:497
      throw er; // Unhandled 'error' event
      ^

Error: listen EADDRINUSE: address already in use :::5000
    at Server.setupListenHandle [as _listen2] (node:net:1940:16)
    at listenInCluster (node:net:1997:12)
    at Server.listen (node:net:2102:7)
    at Function.listen (C:\Users\dell\Downloads\inalgo.tech\server\node_modules\express\lib\application.js:635:24)
    at Object.<anonymous> (C:\Users\dell\Downloads\inalgo.tech\server\index.js:49:5)
    at Module._compile (node:internal/modules/cjs/loader:1706:14)
    at Object..js (node:internal/modules/cjs/loader:1839:10)
    at Module.load (node:internal/modules/cjs/loader:1441:32)
    at Function._load (node:internal/modules/cjs/loader:1263:12)
    at TracingChannel.traceSync (node:diagnostics_channel:322:14)
Emitted 'error' event on Server instance at:
    at emitErrorNT (node:net:1976:8)
    at process.processTicksAndRejections (node:internal/process/task_queues:90:21) {
  code: 'EADDRINUSE',
  errno: -4091,
  syscall: 'listen',
  address: '::',
  port: 5000
}

Node.js v22.20.0
[31m[nodemon] app crashed - waiting for file changes before starting...[39m
[32m[nodemon] restarting due to changes...[39m
[32m[nodemon] starting `node index.js`[39m
🚀 Server is running on port 5000
[32m[nodemon] restarting due to changes...[39m
[32m[nodemon] starting `node index.js`[39m
node:events:497
      throw er; // Unhandled 'error' event
      ^

Error: listen EADDRINUSE: address already in use :::5000
    at Server.setupListenHandle [as _listen2] (node:net:1940:16)
    at listenInCluster (node:net:1997:12)
    at Server.listen (node:net:2102:7)
    at Function.listen (C:\Users\dell\Downloads\inalgo.tech\server\node_modules\express\lib\application.js:635:24)
    at Object.<anonymous> (C:\Users\dell\Downloads\inalgo.tech\server\index.js:49:5)
    at Module._compile (node:internal/modules/cjs/loader:1706:14)
    at Object..js (node:internal/modules/cjs/loader:1839:10)
    at Module.load (node:internal/modules/cjs/loader:1441:32)
    at Function._load (node:internal/modules/cjs/loader:1263:12)
    at TracingChannel.traceSync (node:diagnostics_channel:322:14)
Emitted 'error' event on Server instance at:
    at emitErrorNT (node:net:1976:8)
    at process.processTicksAndRejections (node:internal/process/task_queues:90:21) {
  code: 'EADDRINUSE',
  errno: -4091,
  syscall: 'listen',
  address: '::',
  port: 5000
}

Node.js v22.20.0
[31m[nodemon] app crashed - waiting for file changes before starting...[39m
[32m[nodemon] restarting due to changes...[39m
[32m[nodemon] starting `node index.js`[39m
🚀 Server is running on port 5000
[32m[nodemon] restarting due to changes...[39m
[32m[nodemon] starting `node index.js`[39m
❌ Port 5001 is already in use. Please free the port or change it.
[31m[nodemon] app crashed - waiting for file changes before starting...[39m

> inalgo-server@1.0.0 start
> node index.js

🚀 Server is running on port 5000
